[2025-12-02 15:22:03] DEBUG[2]: SERVER -> CLIENT: 220 smtp.gmail.com ESMTP 5a478bee46e88-2a965aafd17sm57864767eec.3 - gsmtp

[2025-12-02 15:22:03] DEBUG[1]: CLIENT -> SERVER: EHLO DESKTOP-SN6SHIA

[2025-12-02 15:22:04] DEBUG[2]: SERVER -> CLIENT: 250-smtp.gmail.com at your service, [2803:c600:d107:921e:4d00:87e9:5a77:127c]
250-SIZE 35882577
250-8BITMIME
250-STARTTLS
250-ENHANCEDSTATUSCODES
250-PIPELINING
250-CHUNKING
250 SMTPUTF8

[2025-12-02 15:22:04] DEBUG[1]: CLIENT -> SERVER: STARTTLS

[2025-12-02 15:22:04] DEBUG[2]: SERVER -> CLIENT: 220 2.0.0 Ready to start TLS

[2025-12-02 15:22:05] DEBUG[1]: CLIENT -> SERVER: EHLO DESKTOP-SN6SHIA

[2025-12-02 15:22:05] DEBUG[2]: SERVER -> CLIENT: 250-smtp.gmail.com at your service, [2803:c600:d107:921e:4d00:87e9:5a77:127c]
250-SIZE 35882577
250-8BITMIME
250-AUTH LOGIN PLAIN XOAUTH2 PLAIN-CLIENTTOKEN OAUTHBEARER XOAUTH
250-ENHANCEDSTATUSCODES
250-PIPELINING
250-CHUNKING
250 SMTPUTF8

[2025-12-02 15:22:05] DEBUG[1]: CLIENT -> SERVER: AUTH LOGIN

[2025-12-02 15:22:05] DEBUG[2]: SERVER -> CLIENT: 334 VXNlcm5hbWU6

[2025-12-02 15:22:05] DEBUG[1]: CLIENT -> SERVER: [credentials hidden]
[2025-12-02 15:22:05] DEBUG[2]: SERVER -> CLIENT: 334 UGFzc3dvcmQ6

[2025-12-02 15:22:05] DEBUG[1]: CLIENT -> SERVER: [credentials hidden]
[2025-12-02 15:22:06] DEBUG[2]: SERVER -> CLIENT: 535-5.7.8 Username and Password not accepted. For more information, go to
535 5.7.8  https://support.google.com/mail/?p=BadCredentials 5a478bee46e88-2a965aafd17sm57864767eec.3 - gsmtp

[2025-12-02 15:22:06] DEBUG[1]: SMTP ERROR: Password command failed: 535-5.7.8 Username and Password not accepted. For more information, go to
535 5.7.8  https://support.google.com/mail/?p=BadCredentials 5a478bee46e88-2a965aafd17sm57864767eec.3 - gsmtp

[2025-12-02 15:22:06] DEBUG[2]: SMTP Error: Could not authenticate.
[2025-12-02 15:22:06] DEBUG[1]: CLIENT -> SERVER: QUIT

[2025-12-02 15:22:06] DEBUG[2]: SERVER -> CLIENT: 221 2.0.0 closing connection 5a478bee46e88-2a965aafd17sm57864767eec.3 - gsmtp

[2025-12-02 15:22:06] DEBUG[2]: SMTP Error: Could not authenticate.
